
🎬 PCIT Audio Analysis - Full Flow Test
══════════════════════════════════════════════════════════════════════
Audio file: /Users/mia/nora/audio2_anya_mama_papa.m4a
Mode: CDI (Child-Directed Interaction)
══════════════════════════════════════════════════════════════════════

👤 STEP 0: Creating test user...
   ✓ Test user created: test-user-flow-1766030893654

📝 STEP 1: Creating session and uploading audio...
   File size: 1.77 MB
   ✓ Session created: 4a1279ff-8302-429a-92ac-a065d90b95c3

🎤 STEP 2: Transcribing with ElevenLabs...
   (This takes ~30-60 seconds)
   ✓ Transcription complete in 5.9s
Parsed 38 utterances from ElevenLabs response
   ✓ Created 38 utterance records

👥 STEP 3: Identifying speaker roles (child/adult)...
   (This takes ~10-20 seconds)
   ✓ Role identification complete in 8.9s
   speaker_0: CHILD (confidence: 0.95)
   speaker_1: ADULT (confidence: 0.92)
   speaker_2: ADULT (confidence: 0.93)

🏷️  STEP 4: Applying PCIT coding tags...
   (This takes ~15-30 seconds)
   ✓ PCIT coding complete in 23.5s
   ✓ Updated 25 utterances with tags

🎯 STEP 5: Generating competency analysis...
   (This takes ~10-20 seconds)
   ✓ Competency analysis complete in 7.0s

══════════════════════════════════════════════════════════════════════
✅ ANALYSIS COMPLETE
══════════════════════════════════════════════════════════════════════

⏱️  Total processing time: 57.5s
📊 Session ID: 4a1279ff-8302-429a-92ac-a065d90b95c3

📈 PCIT Tag Counts:
   DO Skills (PEN):
     Praise: 4
     Echo: 2
     Narration: 2
   DON'T Skills:
     Questions: 6
     Commands: 5
     Criticism: 0
     Negative Phrases: 0
   Neutral: 6

⭐ Overall Score: 16/100

💬 Competency Analysis:
   Top Moment: "哇 ， 安 雅 在 收 拾 啦 ， 你 真 棒 ！"
   Tips: Try to reduce questions and commands by replacing them with more behavioral descriptions and reflections of what the child is doing. For example, instead of asking 'Can or cannot?' or commanding 'Put it away,' say 'You're deciding what to do next' or 'You're putting the toys in the box.'
   Reminder: You showed some great praise moments, especially when acknowledging the child's cleanup efforts! Keep building on those DO skills—aim for a 3:1 ratio of DO to DON'T skills, and you'll see even more positive engagement from the child.

📝 Sample Tagged Utterances:

   1. [DO: Echo]
      "气 球 啊 。"

   2. [DO: Narration]
      "你 的 气 球 在 那 边 。"

   3. [DON'T: Question]
      "没 有 啊 ？"

   4. [DON'T: Command]
      "不 要 玩 气 球 了 啊 ！"

   5. [DON'T: Command]
      "等 一 下 你 clean up 先 ，clean up。"

══════════════════════════════════════════════════════════════════════
🎉 Test completed successfully!
══════════════════════════════════════════════════════════════════════
